[2026-09-07T00:16:26.594349+00:00] start district 10
Building SF Civic Digest (D10, 7 days)...
  Fetching Legistar (Board/committees)...
  Fetching building permits...
  Fetching planning notices...
  Fetching SFMTA hearings...
  ⚠️  sfmta_hearings.py returned non-JSON stdout: No upcoming SFMTA Engineering Public Hearings found.
  Fetching SFMTA Board...
  Fetching 311...
  Fetching ethics/lobbying...
  Fetching rent board...
  Fetching housing pipeline...
  Fetching historic preservation (HPC)...
  Fetching parks (Rec & Park)...
  Fetching journalism...
  Fetching upcoming meetings...
  Fetching volunteer cleanups...
  Fetching civic actions (protests/rallies)...
  Fetching evictions...
  Fetching BART Board...
  Fetching SFCTA...
  Fetching SFUSD Board...
bundle ok at /home/ubuntu/repos/civicclaw/build/bundles/d10.json
[2026-09-07T00:18:01.333877+00:00] ok in 94.74s
