[2026-05-11T00:15:02.647164+00:00] start district 11
Building SF Civic Digest (D11, 7 days)...
  Fetching Legistar (Board/committees)...
  Fetching building permits...
  Fetching planning notices...
  Fetching SFMTA hearings...
  ⚠️  sfmta_hearings.py returned non-JSON stdout: No upcoming SFMTA Engineering Public Hearings found.
  Fetching SFMTA Board...
  Fetching 311...
  Fetching ethics/lobbying...
  Fetching rent board...
  Fetching housing pipeline...
  Fetching historic preservation (HPC)...
  Fetching parks (Rec & Park)...
  Fetching journalism...
  Fetching upcoming meetings...
  ⚠️  sfgov_events.py timed out
  Fetching volunteer cleanups...
  Fetching civic actions (protests/rallies)...
  Fetching evictions...
  Fetching BART Board...
  Fetching SFCTA...
  Fetching SFUSD Board...
bundle ok at /home/ubuntu/repos/civicclaw/build/bundles/d11.json
[2026-05-11T00:16:14.703106+00:00] ok in 72.06s
