[2026-08-03T00:02:43.282544+00:00] start district 3
Building SF Civic Digest (D3, 7 days)...
  Fetching Legistar (Board/committees)...
  Fetching building permits...
  Fetching planning notices...
  Fetching SFMTA hearings...
  Fetching SFMTA Board...
  Fetching 311...
  Fetching ethics/lobbying...
  Fetching rent board...
  Fetching housing pipeline...
  Fetching historic preservation (HPC)...
  Fetching parks (Rec & Park)...
  Fetching journalism...
  Fetching upcoming meetings...
  Fetching volunteer cleanups...
  Fetching civic actions (protests/rallies)...
  Fetching evictions...
  Fetching BART Board...
  Fetching SFCTA...
  Fetching SFUSD Board...
bundle ok at /home/ubuntu/repos/civicclaw/build/bundles/d3.json
[2026-08-03T00:03:41.837508+00:00] ok in 58.56s
