[2026-09-14T00:12:39.293152+00:00] start district 7
Building SF Civic Digest (D7, 7 days)...
  Fetching Legistar (Board/committees)...
  Fetching building permits...
  Fetching planning notices...
  Fetching SFMTA hearings...
  ⚠️  sfmta_hearings.py returned non-JSON stdout: No upcoming SFMTA Engineering Public Hearings found.
  Fetching SFMTA Board...
  Fetching 311...
  Fetching ethics/lobbying...
  Fetching rent board...
  Fetching housing pipeline...
  Fetching historic preservation (HPC)...
  Fetching parks (Rec & Park)...
  Fetching journalism...
  Fetching upcoming meetings...
  Fetching volunteer cleanups...
  Fetching civic actions (protests/rallies)...
  Fetching evictions...
  Fetching BART Board...
  Fetching SFCTA...
  Fetching SFUSD Board...
bundle ok at /home/ubuntu/repos/civicclaw/build/bundles/d7.json
[2026-09-14T00:14:30.882010+00:00] ok in 111.59s
