[2026-07-06T00:08:42.152329+00:00] start district 8
Building SF Civic Digest (D8, 7 days)...
  Fetching Legistar (Board/committees)...
  Fetching building permits...
  Fetching planning notices...
  Fetching SFMTA hearings...
  Fetching SFMTA Board...
  Fetching 311...
  Fetching ethics/lobbying...
  Fetching rent board...
  Fetching housing pipeline...
  Fetching historic preservation (HPC)...
  Fetching parks (Rec & Park)...
  Fetching journalism...
  Fetching upcoming meetings...
  ⚠️  sfgov_events.py timed out
  Fetching volunteer cleanups...
  Fetching civic actions (protests/rallies)...
  Fetching evictions...
  Fetching BART Board...
  Fetching SFCTA...
  Fetching SFUSD Board...
bundle ok at /home/ubuntu/repos/civicclaw/build/bundles/d8.json
[2026-07-06T00:09:47.302032+00:00] ok in 65.15s
